This is pdfTeX, Version 3.141592653-2.6-1.40.28 (TeX Live 2025/Debian) (preloaded format=pdflatex 2026.6.19)  21 JUN 2026 04:13
entering extended mode
 restricted \write18 enabled.
 %&-line parsing enabled.
**KapitalizmDoSocjalizmOD.tex
(./KapitalizmDoSocjalizmOD.tex
LaTeX2e <2025-11-01>
L3 programming layer <2026-01-19>
(/usr/share/texlive/texmf-dist/tex/latex/base/article.cls
Document Class: article 2025/01/22 v1.4n Standard LaTeX document class
(/usr/share/texlive/texmf-dist/tex/latex/base/size12.clo
File: size12.clo 2025/01/22 v1.4n Standard LaTeX file (size option)
)
\c@part=\count275
\c@section=\count276
\c@subsection=\count277
\c@subsubsection=\count278
\c@paragraph=\count279
\c@subparagraph=\count280
\c@figure=\count281
\c@table=\count282
\abovecaptionskip=\skip49
\belowcaptionskip=\skip50
\bibindent=\dimen148
)
(/usr/share/texlive/texmf-dist/tex/latex/base/inputenc.sty
Package: inputenc 2024/02/08 v1.3d Input encoding file
\inpenc@prehook=\toks17
\inpenc@posthook=\toks18
)
(/usr/share/texlive/texmf-dist/tex/latex/base/fontenc.sty
Package: fontenc 2025/07/18 v2.1d Standard LaTeX package
)
(/usr/share/texlive/texmf-dist/tex/latex/l3backend/l3backend-pdftex.def
File: l3backend-pdftex.def 2025-10-09 L3 backend support: PDF output (pdfTeX)
\l__color_backend_stack_int=\count283
)
(./KapitalizmDoSocjalizmOD.aux)
\openout1 = `KapitalizmDoSocjalizmOD.aux'.

LaTeX Font Info:    Checking defaults for OML/cmm/m/it on input line 10.
LaTeX Font Info:    ... okay on input line 10.
LaTeX Font Info:    Checking defaults for OMS/cmsy/m/n on input line 10.
LaTeX Font Info:    ... okay on input line 10.
LaTeX Font Info:    Checking defaults for OT1/cmr/m/n on input line 10.
LaTeX Font Info:    ... okay on input line 10.
LaTeX Font Info:    Checking defaults for T1/cmr/m/n on input line 10.
LaTeX Font Info:    ... okay on input line 10.
LaTeX Font Info:    Checking defaults for TS1/cmr/m/n on input line 10.
LaTeX Font Info:    ... okay on input line 10.
LaTeX Font Info:    Checking defaults for OMX/cmex/m/n on input line 10.
LaTeX Font Info:    ... okay on input line 10.
LaTeX Font Info:    Checking defaults for U/cmr/m/n on input line 10.
LaTeX Font Info:    ... okay on input line 10.
LaTeX Font Info:    External font `cmex10' loaded for size
(Font)              <14.4> on input line 12.
LaTeX Font Info:    External font `cmex10' loaded for size
(Font)              <7> on input line 12.
 [1

{/var/lib/texmf/fonts/map/pdftex/updmap/pdftex.map}{/usr/share/texmf/fonts/enc/
dvips/cm-super/cm-super-t1.enc}] [2]
Overfull \hbox (1.99718pt too wide) in paragraph at lines 40--41
[]\T1/cmr/m/n/12 Jednak»e sys-tem ten, po-zostaw-iony samemu so-bie bez »ad-nyc
h ogranicze«,
 []

[3]
Overfull \hbox (9.30435pt too wide) in paragraph at lines 59--60
[]\T1/cmr/m/n/12 Naturaln¡ reakcj¡ na nadu»y-cia mo-nop-o-listy-cznego kap-i-ta
l-izmu jest wªa±nie
 []

[4]
Overfull \hbox (21.9651pt too wide) in paragraph at lines 61--62
[]\T1/cmr/m/n/12 Mimo tych szla-chet-nych za-ªo»e«, wdro»e-nie czys-tego soc-ja
l-izmu jako rozwi¡za-
 []


Overfull \hbox (16.50455pt too wide) in paragraph at lines 69--69
[]\T1/cmr/bx/n/17.28 5. Bu-dowa sprawnego auta / Propozy-cja rozwi¡za-
 []

[5]
Overfull \hbox (8.52141pt too wide) in paragraph at lines 77--78
\T1/cmr/m/n/12 do-browolne, a pa«stwa na-jbardziej za-wªaszc-zone przez monopol
e mog¡ odmaw-
 []


Overfull \hbox (6.16992pt too wide) in paragraph at lines 81--82
\T1/cmr/m/n/12 Proponowana trans-for-ma-cja wymaga sprawnego pa«stwa jako ar-bi
-tra i egzeku-
 []

[6]
Overfull \hbox (1.24982pt too wide) in paragraph at lines 93--94
[]\T1/cmr/bx/n/12 Warstwa wªas-no±-ciowa \T1/cmr/m/n/12 ma charak-ter wielostro
nny. W mo-men-cie trans-
 []


Overfull \hbox (0.4614pt too wide) in paragraph at lines 93--94
\T1/cmr/m/n/12 au-tomaty-cznie jego wspóªwªa±-ci-cielami -- pro-por-cjon-al-nie
 do liczby u»ytkown-
 []


Overfull \hbox (11.7082pt too wide) in paragraph at lines 93--94
\T1/cmr/m/n/12 ików lub wielko±ci lokalnego rynku. ›adne po-je-dyncze pa«stwo a
ni ugrupowanie
 []


Overfull \hbox (1.294pt too wide) in paragraph at lines 95--96
[]\T1/cmr/bx/n/12 Warstwa zarz¡d-cza \T1/cmr/m/n/12 jest celowo odi-zolowana od
 bie»¡cej poli-tyki. Codzi-
 []

[7]
Overfull \hbox (23.77946pt too wide) in paragraph at lines 97--98
\T1/cmr/m/n/12 poli-ty-czny. Jego je-dynym zobow-i¡zaniem po-zostaje sªu»e-nie 
wszys-tkim u»ytkown-
 []


Overfull \hbox (9.91357pt too wide) in paragraph at lines 103--104
\T1/cmr/m/n/12 nej usªugi po ucz-ci-wej ce-nie. Cena przes-taje by¢ narz¦dziem 
ek-strakcji warto±ci,
 []

[8]
Overfull \hbox (11.84969pt too wide) in paragraph at lines 113--114
\T1/cmr/m/n/12 nie przez po-je-dyncze pa«stwa po-datne na za-wªaszcze-nie, lecz
 przez wielostronny
 []


Overfull \hbox (12.30634pt too wide) in paragraph at lines 115--116
[]\T1/cmr/m/n/12 Musimy za-chowa¢ kap-i-tal-izm na poziomie maªych i ±red-nich 
przed-si¦biorstw.
 []


Overfull \hbox (33.87555pt too wide) in paragraph at lines 119--120
\T1/cmr/m/n/12 którego »aden monopol nie jest w stanie za-wªaszczy¢, mo»emy chr
oni¢ spoªecze«stwo
 []

[9] (./KapitalizmDoSocjalizmOD.aux)
 ***********
LaTeX2e <2025-11-01>
L3 programming layer <2026-01-19>
 ***********
 ) 
Here is how much of TeX's memory you used:
 701 strings out of 467533
 10993 string characters out of 5422138
 441756 words of memory out of 5000000
 29675 multiletter control sequences out of 15000+600000
 634335 words of font info for 51 fonts, out of 8000000 for 9000
 1141 hyphenation exceptions out of 8191
 35i,6n,38p,1102b,196s stack positions out of 10000i,1000n,20000p,200000b,200000s
</usr/share/texmf/fonts/type1/public/cm-super/sfbx1200.pfb></usr/share/texmf/
fonts/type1/public/cm-super/sfbx1728.pfb></usr/share/texmf/fonts/type1/public/c
m-super/sfbx2074.pfb></usr/share/texmf/fonts/type1/public/cm-super/sfrm1200.pfb
></usr/share/texmf/fonts/type1/public/cm-super/sfrm1440.pfb>
Output written on KapitalizmDoSocjalizmOD.pdf (9 pages, 116922 bytes).
PDF statistics:
 60 PDF objects out of 1000 (max. 8388607)
 38 compressed objects within 1 object stream
 0 named destinations out of 1000 (max. 500000)
 1 words of extra memory for PDF output out of 10000 (max. 10000000)

