This is pdfTeX, Version 3.141592653-2.6-1.40.28 (TeX Live 2025/Debian) (preloaded format=pdflatex 2026.6.19)  29 JUN 2026 02:37
entering extended mode
 restricted \write18 enabled.
 %&-line parsing enabled.
**KapitalizmDoSocjalizmOD.tex
(./KapitalizmDoSocjalizmOD.tex
LaTeX2e <2025-11-01>
L3 programming layer <2026-01-19>
(/usr/share/texlive/texmf-dist/tex/latex/base/article.cls
Document Class: article 2025/01/22 v1.4n Standard LaTeX document class
(/usr/share/texlive/texmf-dist/tex/latex/base/size12.clo
File: size12.clo 2025/01/22 v1.4n Standard LaTeX file (size option)
)
\c@part=\count275
\c@section=\count276
\c@subsection=\count277
\c@subsubsection=\count278
\c@paragraph=\count279
\c@subparagraph=\count280
\c@figure=\count281
\c@table=\count282
\abovecaptionskip=\skip49
\belowcaptionskip=\skip50
\bibindent=\dimen148
)
(/usr/share/texlive/texmf-dist/tex/latex/base/inputenc.sty
Package: inputenc 2024/02/08 v1.3d Input encoding file
\inpenc@prehook=\toks17
\inpenc@posthook=\toks18
)
(/usr/share/texlive/texmf-dist/tex/latex/base/fontenc.sty
Package: fontenc 2025/07/18 v2.1d Standard LaTeX package
)
(/usr/share/texlive/texmf-dist/tex/latex/l3backend/l3backend-pdftex.def
File: l3backend-pdftex.def 2025-10-09 L3 backend support: PDF output (pdfTeX)
\l__color_backend_stack_int=\count283
)
(./KapitalizmDoSocjalizmOD.aux)
\openout1 = `KapitalizmDoSocjalizmOD.aux'.

LaTeX Font Info:    Checking defaults for OML/cmm/m/it on input line 10.
LaTeX Font Info:    ... okay on input line 10.
LaTeX Font Info:    Checking defaults for OMS/cmsy/m/n on input line 10.
LaTeX Font Info:    ... okay on input line 10.
LaTeX Font Info:    Checking defaults for OT1/cmr/m/n on input line 10.
LaTeX Font Info:    ... okay on input line 10.
LaTeX Font Info:    Checking defaults for T1/cmr/m/n on input line 10.
LaTeX Font Info:    ... okay on input line 10.
LaTeX Font Info:    Checking defaults for TS1/cmr/m/n on input line 10.
LaTeX Font Info:    ... okay on input line 10.
LaTeX Font Info:    Checking defaults for OMX/cmex/m/n on input line 10.
LaTeX Font Info:    ... okay on input line 10.
LaTeX Font Info:    Checking defaults for U/cmr/m/n on input line 10.
LaTeX Font Info:    ... okay on input line 10.
LaTeX Font Info:    External font `cmex10' loaded for size
(Font)              <14.4> on input line 12.
LaTeX Font Info:    External font `cmex10' loaded for size
(Font)              <7> on input line 12.

Overfull \hbox (22.7809pt too wide) in paragraph at lines 25--30
\T1/cmr/m/n/12 codzi-en-nej walki o byt wewn¡trz sys-temu gospo-dar-czego, któr
y sami stworzyli±my.
 []

[1

{/var/lib/texmf/fonts/map/pdftex/updmap/pdftex.map}{/usr/share/texmf/fonts/enc/
dvips/cm-super/cm-super-t1.enc}]
Overfull \hbox (1.27931pt too wide) in paragraph at lines 65--66
[]\T1/cmr/m/n/12 Jednak ten sam wynalazek, który miaª uªatwi¢ wspóªprac¦, szy-b
ko ujawniª
 []

[2]
Overfull \hbox (1.99718pt too wide) in paragraph at lines 75--76
[]\T1/cmr/m/n/12 Jednak»e sys-tem ten, po-zostaw-iony samemu so-bie bez »ad-nyc
h ogranicze«,
 []

[3] [4]
Overfull \hbox (9.30435pt too wide) in paragraph at lines 93--94
[]\T1/cmr/m/n/12 Naturaln¡ reakcj¡ na nadu»y-cia mo-nop-o-listy-cznego kap-i-ta
l-izmu jest wªa±nie
 []


Overfull \hbox (21.9651pt too wide) in paragraph at lines 95--96
[]\T1/cmr/m/n/12 Mimo tych szla-chet-nych za-ªo»e«, wdro»e-nie czys-tego soc-ja
l-izmu jako rozwi¡za-
 []

[5]
Overfull \hbox (6.53087pt too wide) in paragraph at lines 111--117
\T1/cmr/m/n/12 na-jlep-sz¡ funkcj¦ -- nap¦dza in-nowacje, na-gradza in-ic-jatyw
¦ i tworzy przestrze«
 []


Overfull \hbox (2.12976pt too wide) in paragraph at lines 126--129
[]\T1/cmr/m/n/12 Tylko sto-su-j¡c ten podziaª kon-sek-went-nie -- wolny rynek u
 pod-staw, zarz¡d
 []

[6]
Overfull \hbox (15.85355pt too wide) in paragraph at lines 155--163
\T1/cmr/m/n/12 domin-u-j¡-cych pod-miotów sek-tora przewy»sza-j¡ce PKB okre±lon
ej liczby pa«stw,
 []


Overfull \hbox (14.37982pt too wide) in paragraph at lines 164--178
\T1/cmr/m/n/12 nie poszczegól-nych przed-si¦biorstw. Mech-a-nizm uwzgl¦d-nia je
d-nak dwa odr¦bne
 []

[7]
Overfull \hbox (8.58661pt too wide) in paragraph at lines 179--186
\T1/cmr/m/n/12 przeprowadza-ªby nieza-le»ny try-bunaª dzi-aªa-j¡cy w ra-mach tr
ak-tatu wielostron-
 []


Overfull \hbox (0.57484pt too wide) in paragraph at lines 197--226
\T1/cmr/m/n/12 Pro-ponowana struk-tura opiera si¦ na dwóch odd-ziel-nych warst-
wach. Warstwa
 []


Overfull \hbox (6.0392pt too wide) in paragraph at lines 197--226
\T1/cmr/m/n/12 Rz¡dy pa«stw-wspóªwªa±cicieli peªni¡ wyª¡cznie funkcj¦ gwaranta 
in-sty-tucjon-
 []


Overfull \hbox (25.09795pt too wide) in paragraph at lines 197--226
\T1/cmr/m/n/12 powier-nicze dzi-aªa wedªug za-sady peªnej trans-par-ent-no±ci f
i-nan-sowej -- wzorowanej
 []


Overfull \hbox (21.70435pt too wide) in paragraph at lines 197--226
\T1/cmr/m/n/12 west-y-cje planowane s¡ dªu-goter-mi-nowo, na wzór nor-weskiego 
fun-duszu naftowego:
 []

[8] [9] [10]
Overfull \hbox (11.84969pt too wide) in paragraph at lines 311--312
\T1/cmr/m/n/12 nie przez po-je-dyncze pa«stwa po-datne na za-wªaszcze-nie, lecz
 przez wielostronny
 []


Overfull \hbox (12.30634pt too wide) in paragraph at lines 313--314
[]\T1/cmr/m/n/12 Musimy za-chowa¢ kap-i-tal-izm na poziomie maªych i ±red-nich 
przed-si¦biorstw.
 []


Overfull \hbox (33.87555pt too wide) in paragraph at lines 317--318
\T1/cmr/m/n/12 którego »aden monopol nie jest w stanie za-wªaszczy¢, mo»emy chr
oni¢ spoªecze«stwo
 []

[11] (./KapitalizmDoSocjalizmOD.aux)
 ***********
LaTeX2e <2025-11-01>
L3 programming layer <2026-01-19>
 ***********
 ) 
Here is how much of TeX's memory you used:
 701 strings out of 467533
 10993 string characters out of 5422138
 443756 words of memory out of 5000000
 29675 multiletter control sequences out of 15000+600000
 634335 words of font info for 51 fonts, out of 8000000 for 9000
 1141 hyphenation exceptions out of 8191
 35i,6n,38p,869b,196s stack positions out of 10000i,1000n,20000p,200000b,200000s
</usr/share/texmf/fonts/type1/public/cm-super/sfbx1200.pfb></usr/share/texmf/
fonts/type1/public/cm-super/sfbx1728.pfb></usr/share/texmf/fonts/type1/public/c
m-super/sfbx2074.pfb></usr/share/texmf/fonts/type1/public/cm-super/sfrm1200.pfb
></usr/share/texmf/fonts/type1/public/cm-super/sfrm1440.pfb>
Output written on KapitalizmDoSocjalizmOD.pdf (11 pages, 124173 bytes).
PDF statistics:
 66 PDF objects out of 1000 (max. 8388607)
 42 compressed objects within 1 object stream
 0 named destinations out of 1000 (max. 500000)
 1 words of extra memory for PDF output out of 10000 (max. 10000000)

